$ pnpm audit --audit-level high
┌─────────────────────┬────────────────────────────────────────────────────────┐
│ high                │ fast-uri vulnerable to host confusion via skipped IDN  │
│                     │ canonicalization on scheme-relative references         │
├─────────────────────┼────────────────────────────────────────────────────────┤
│ Package             │ fast-uri                                               │
├─────────────────────┼────────────────────────────────────────────────────────┤
│ Vulnerable versions │ >=3.1.3 <3.1.6                                         │
├─────────────────────┼────────────────────────────────────────────────────────┤
│ Patched versions    │ >=3.1.6                                                │
├─────────────────────┼────────────────────────────────────────────────────────┤
│ Paths               │ .>@vitejs/plugin-rsc>react-server-dom-                 │
│                     │ webpack>webpack>minimizer-webpack-plugin>schema-       │
│                     │ utils>ajv>fast-uri                                     │
│                     │                                                        │
│                     │ .>@vitejs/plugin-rsc>react-server-dom-                 │
│                     │ webpack>webpack>minimizer-webpack-plugin>schema-       │
│                     │ utils>ajv-formats>ajv>fast-uri                         │
│                     │                                                        │
│                     │ .>@vitejs/plugin-rsc>react-server-dom-                 │
│                     │ webpack>webpack>minimizer-webpack-plugin>schema-       │
│                     │ utils>ajv-keywords>ajv>fast-uri                        │
│                     │                                                        │
│                     │ ... Found 30 paths, run `pnpm why fast-uri` for more   │
│                     │ information                                            │
├─────────────────────┼────────────────────────────────────────────────────────┤
│ More info           │ https://github.com/advisories/GHSA-5jgf-p345-68v8      │
└─────────────────────┴────────────────────────────────────────────────────────┘
┌─────────────────────┬────────────────────────────────────────────────────────┐
│ high                │ fast-uri vulnerable to server-side request forgery via │
│                     │ malformed IPv6 normalization                           │
├─────────────────────┼────────────────────────────────────────────────────────┤
│ Package             │ fast-uri                                               │
├─────────────────────┼────────────────────────────────────────────────────────┤
│ Vulnerable versions │ >=3.0.0 <3.1.6                                         │
├─────────────────────┼────────────────────────────────────────────────────────┤
│ Patched versions    │ >=3.1.6                                                │
├─────────────────────┼────────────────────────────────────────────────────────┤
│ Paths               │ .>@vitejs/plugin-rsc>react-server-dom-                 │
│                     │ webpack>webpack>minimizer-webpack-plugin>schema-       │
│                     │ utils>ajv>fast-uri                                     │
│                     │                                                        │
│                     │ .>@vitejs/plugin-rsc>react-server-dom-                 │
│                     │ webpack>webpack>minimizer-webpack-plugin>schema-       │
│                     │ utils>ajv-formats>ajv>fast-uri                         │
│                     │                                                        │
│                     │ .>@vitejs/plugin-rsc>react-server-dom-                 │
│                     │ webpack>webpack>minimizer-webpack-plugin>schema-       │
│                     │ utils>ajv-keywords>ajv>fast-uri                        │
│                     │                                                        │
│                     │ ... Found 30 paths, run `pnpm why fast-uri` for more   │
│                     │ information                                            │
├─────────────────────┼────────────────────────────────────────────────────────┤
│ More info           │ https://github.com/advisories/GHSA-f65p-4m7j-42xc      │
└─────────────────────┴────────────────────────────────────────────────────────┘
┌─────────────────────┬────────────────────────────────────────────────────────┐
│ high                │ fast-uri vulnerable to server-side request forgery via │
│                     │ repeated hostname percent-decoding                     │
├─────────────────────┼────────────────────────────────────────────────────────┤
│ Package             │ fast-uri                                               │
├─────────────────────┼────────────────────────────────────────────────────────┤
│ Vulnerable versions │ >=3.1.2 <3.1.6                                         │
├─────────────────────┼────────────────────────────────────────────────────────┤
│ Patched versions    │ >=3.1.6                                                │
├─────────────────────┼────────────────────────────────────────────────────────┤
│ Paths               │ .>@vitejs/plugin-rsc>react-server-dom-                 │
│                     │ webpack>webpack>minimizer-webpack-plugin>schema-       │
│                     │ utils>ajv>fast-uri                                     │
│                     │                                                        │
│                     │ .>@vitejs/plugin-rsc>react-server-dom-                 │
│                     │ webpack>webpack>minimizer-webpack-plugin>schema-       │
│                     │ utils>ajv-formats>ajv>fast-uri                         │
│                     │                                                        │
│                     │ .>@vitejs/plugin-rsc>react-server-dom-                 │
│                     │ webpack>webpack>minimizer-webpack-plugin>schema-       │
│                     │ utils>ajv-keywords>ajv>fast-uri                        │
│                     │                                                        │
│                     │ ... Found 30 paths, run `pnpm why fast-uri` for more   │
│                     │ information                                            │
├─────────────────────┼────────────────────────────────────────────────────────┤
│ More info           │ https://github.com/advisories/GHSA-fph4-wmhf-6fwf      │
└─────────────────────┴────────────────────────────────────────────────────────┘
┌─────────────────────┬────────────────────────────────────────────────────────┐
│ high                │ fast-uri vulnerable to host confusion via              │
│                     │ percent-encoded scheme normalization                   │
├─────────────────────┼────────────────────────────────────────────────────────┤
│ Package             │ fast-uri                                               │
├─────────────────────┼────────────────────────────────────────────────────────┤
│ Vulnerable versions │ >=3.0.0 <3.1.6                                         │
├─────────────────────┼────────────────────────────────────────────────────────┤
│ Patched versions    │ >=3.1.6                                                │
├─────────────────────┼────────────────────────────────────────────────────────┤
│ Paths               │ .>@vitejs/plugin-rsc>react-server-dom-                 │
│                     │ webpack>webpack>minimizer-webpack-plugin>schema-       │
│                     │ utils>ajv>fast-uri                                     │
│                     │                                                        │
│                     │ .>@vitejs/plugin-rsc>react-server-dom-                 │
│                     │ webpack>webpack>minimizer-webpack-plugin>schema-       │
│                     │ utils>ajv-formats>ajv>fast-uri                         │
│                     │                                                        │
│                     │ .>@vitejs/plugin-rsc>react-server-dom-                 │
│                     │ webpack>webpack>minimizer-webpack-plugin>schema-       │
│                     │ utils>ajv-keywords>ajv>fast-uri                        │
│                     │                                                        │
│                     │ ... Found 30 paths, run `pnpm why fast-uri` for more   │
│                     │ information                                            │
├─────────────────────┼────────────────────────────────────────────────────────┤
│ More info           │ https://github.com/advisories/GHSA-jqff-g426-hqxp      │
└─────────────────────┴────────────────────────────────────────────────────────┘
6 vulnerabilities found
Severity: 6 high (2 ignored)
[ELIFECYCLE] Command failed with exit code 1.
